../Core/Src/main.c:126:5:main	8	static
../Core/Src/main.c:217:6:SystemClock_Config	72	static
../Core/Src/main.c:254:13:MX_DAC1_Init	24	static
../Core/Src/main.c:302:13:MX_DAC2_Init	24	static
../Core/Src/main.c:342:13:MX_TIM6_Init	24	static
../Core/Src/main.c:380:13:MX_USART2_UART_Init	8	static
../Core/Src/main.c:415:13:MX_GPIO_Init	16	static
../Core/Src/main.c:430:6:debug_print_uart	16	static
../Core/Src/main.c:440:6:HAL_UART_RxCpltCallback	24	static
../Core/Src/main.c:464:6:HAL_TIM_PeriodElapsedCallback	16	static
../Core/Src/main.c:473:6:parse_cmd_buf	16	static
../Core/Src/main.c:486:6:clear_cmd_buf	16	static
../Core/Src/main.c:502:6:StartDefaultTask	16	static
../Core/Src/main.c:522:6:StartTaskCMD	32	static
../Core/Src/main.c:563:6:Error_Handler	4	static,ignoring_inline_asm
