14:32:43 **** Incremental Build of configuration Debug for project nucleo_dac ****
make -j24 all 
arm-none-eabi-gcc "../Core/Src/main.c" -mcpu=cortex-m4 -std=gnu11 -g3 -DDEBUG -DUSE_HAL_DRIVER -DSTM32F303x8 -c -I../Core/Inc -I../Drivers/STM32F3xx_HAL_Driver/Inc -I../Drivers/STM32F3xx_HAL_Driver/Inc/Legacy -I../Drivers/CMSIS/Device/ST/STM32F3xx/Include -I../Drivers/CMSIS/Include -I../Middlewares/Third_Party/FreeRTOS/Source/include -I../Middlewares/Third_Party/FreeRTOS/Source/CMSIS_RTOS_V2 -I../Middlewares/Third_Party/FreeRTOS/Source/portable/GCC/ARM_CM4F -O0 -ffunction-sections -fdata-sections -Wall -fstack-usage -fcyclomatic-complexity -MMD -MP -MF"Core/Src/main.d" -MT"Core/Src/main.o" --specs=nano.specs -mfpu=fpv4-sp-d16 -mfloat-abi=hard -mthumb -o "Core/Src/main.o"
arm-none-eabi-gcc -o "nucleo_dac.elf" @"objects.list"   -mcpu=cortex-m4 -T"C:\Users\kakareka\Documents\GitHub\LiverPerfusion\Code\nucleo_dac\STM32F303K8TX_FLASH.ld" --specs=nosys.specs -Wl,-Map="nucleo_dac.map" -Wl,--gc-sections -static --specs=nano.specs -mfpu=fpv4-sp-d16 -mfloat-abi=hard -mthumb -Wl,--start-group -lc -lm -Wl,--end-group
Finished building target: nucleo_dac.elf
 
arm-none-eabi-size   nucleo_dac.elf 
arm-none-eabi-objdump -h -S  nucleo_dac.elf  > "nucleo_dac.list"
   text	   data	    bss	    dec	    hex	filename
  47796	    484	   9060	  57340	   dffc	nucleo_dac.elf
Finished building: default.size.stdout
 
Finished building: nucleo_dac.list
 

14:32:44 Build Finished. 0 errors, 0 warnings. (took 1s.665ms)

